# serializer version: 1
# name: test_fetch_video
  YouTubeVideo(video_id='Ks-_Mh1QhMc', nullable_snippet=YouTubeVideoSnippet(published_at=datetime.datetime(2012, 10, 1, 15, 27, 35, tzinfo=TzInfo(UTC)), channel_id='UCAuUUnT6oDeKwE6v1NGQxug', title='Your body language may shape who you are | Amy Cuddy', description='Body language affects how others see us, but it may also change how we see ourselves. Social psychologist Amy Cuddy argues that "power posing" -- standing in a posture of confidence, even when we don\'t feel confident -- can boost feelings of confidence, and might have an impact on our chances for success. (Note: Some of the findings presented in this talk have been referenced in an ongoing debate among social scientists about robustness and reproducibility. Read Amy Cuddy\'s response here: http://ideas.ted.com/inside-the-debate-about-power-posing-a-q-a-with-amy-cuddy/)\n\nGet TED Talks recommended just for you! Learn more at https://www.ted.com/signup.\n\nThe TED Talks channel features the best talks and performances from the TED Conference, where the world\'s leading thinkers and doers give the talk of their lives in 18 minutes (or less). Look for talks on Technology, Entertainment and Design -- plus science, business, global issues, the arts and more.\n\nFollow TED on Twitter: http://www.twitter.com/TEDTalks\nLike TED on Facebook: https://www.facebook.com/TED\n\nSubscribe to our channel: https://www.youtube.com/TED', thumbnails=YouTubeVideoThumbnails(default=YouTubeThumbnail(url='https://i.ytimg.com/vi/Ks-_Mh1QhMc/default.jpg', width=120, height=90), medium=YouTubeThumbnail(url='https://i.ytimg.com/vi/Ks-_Mh1QhMc/mqdefault.jpg', width=320, height=180), high=YouTubeThumbnail(url='https://i.ytimg.com/vi/Ks-_Mh1QhMc/hqdefault.jpg', width=480, height=360), standard=YouTubeThumbnail(url='https://i.ytimg.com/vi/Ks-_Mh1QhMc/sddefault.jpg', width=640, height=480), maxres=YouTubeThumbnail(url='https://i.ytimg.com/vi/Ks-_Mh1QhMc/maxresdefault.jpg', width=1280, height=720)), channel_title='TED', tags=['Amy Cuddy', 'TED', 'TEDTalk', 'TEDTalks', 'TED Talk', 'TED Talks', 'TEDGlobal', 'brain', 'business', 'psychology', 'self', 'success'], live_broadcast_content=<LiveBroadcastContent.NONE: 'none'>, default_language='en', default_audio_language='en'), nullable_content_details=YouTubeVideoContentDetails(raw_duration='PT21M3S', dimension=<VideoDimension.D2: '2d'>, definition=<VideoDefinition.HD: 'hd'>, raw_caption='true', licensed_content=True, projection=<VideoProjection.RECTANGULAR: 'rectangular'>))
# ---
